nohup: ignoring input
[   INFO   ] MusicExtractorSVM: no classifier models were configured by default
/home/vfrocha/.local/lib/python3.10/site-packages/sklearn/metrics/_classification.py:2524: UserWarning: y_pred contains classes not in y_true
  warnings.warn("y_pred contains classes not in y_true")
/home/vfrocha/.local/lib/python3.10/site-packages/sklearn/metrics/_classification.py:2524: UserWarning: y_pred contains classes not in y_true
  warnings.warn("y_pred contains classes not in y_true")
================================================================================
 EXPERIMENTO COMPLETO DE TRANSFER LEARNING (Z-SCORE ISOLADO)
================================================================================
--- FASE 1: EXTRAÇÃO DE FEATURES (1 VEZ NA RAM) ---
  -> CWRU_12k carregado: 2520 amostras. Extraindo features...
      -> [Fusion] Iniciando extração DUPLA para 2520 amostras...
         [Debug] Shape VibNet: (2520, 16)
         [Debug] Shape SignAI: (2520, 125)
      -> [Fusion] Shape final combinado: (2520, 141)
  -> CWRU_48k carregado: 602 amostras. Extraindo features...
      -> [Fusion] Iniciando extração DUPLA para 602 amostras...
         [Debug] Shape VibNet: (602, 16)
         [Debug] Shape SignAI: (602, 125)
      -> [Fusion] Shape final combinado: (602, 141)
  -> UOEMD carregado: 1280 amostras. Extraindo features...
      -> [Fusion] Iniciando extração DUPLA para 1280 amostras...
         [Debug] Shape VibNet: (1280, 16)
         [Debug] Shape SignAI: (1280, 125)
      -> [Fusion] Shape final combinado: (1280, 141)
  -> HUST_Gearbox carregado: 900 amostras. Extraindo features...
      -> [Fusion] Iniciando extração DUPLA para 900 amostras...
         [Debug] Shape VibNet: (900, 16)
         [Debug] Shape SignAI: (900, 125)
      -> [Fusion] Shape final combinado: (900, 141)
  -> HUST carregado: 1101 amostras. Extraindo features...
      -> [Fusion] Iniciando extração DUPLA para 1101 amostras...
         [Debug] Shape VibNet: (1101, 16)
         [Debug] Shape SignAI: (1101, 125)
      -> [Fusion] Shape final combinado: (1101, 141)
  -> PU carregado: 8394 amostras. Extraindo features...
      -> [Fusion] Iniciando extração DUPLA para 8394 amostras...
         [Debug] Shape VibNet: (8394, 16)
         [Debug] Shape SignAI: (8394, 125)
      -> [Fusion] Shape final combinado: (8394, 141)
  -> UORED carregado: 370 amostras. Extraindo features...
      -> [Fusion] Iniciando extração DUPLA para 370 amostras...
         [Debug] Shape VibNet: (370, 16)
         [Debug] Shape SignAI: (370, 125)
      -> [Fusion] Shape final combinado: (370, 141)
  -> Mechanical_Gear carregado: 180 amostras. Extraindo features...
      -> [Fusion] Iniciando extração DUPLA para 180 amostras...
         [Debug] Shape VibNet: (180, 16)
         [Debug] Shape SignAI: (180, 125)
      -> [Fusion] Shape final combinado: (180, 141)
  -> Electric_Motor carregado: 66 amostras. Extraindo features...
      -> [Fusion] Iniciando extração DUPLA para 66 amostras...
         [Debug] Shape VibNet: (66, 16)
         [Debug] Shape SignAI: (66, 125)
      -> [Fusion] Shape final combinado: (66, 141)

--- FASE 2: AVALIAÇÃO LOCO CROSS-DOMAIN ---


************************************************************
 INICIANDO TAREFA: DIAGNOSIS
************************************************************

########################################
 ALVO: CWRU_12k
########################################

   --- Dobra de Teste: Load_0HP ---
       -> Treinando Random Forest...
          [Random Forest] Bal Acc: 0.8634 | F1: 0.8618 | ROC-AUC: 0.0000
       -> Treinando SVM (RBF)...
          [SVM (RBF)] Bal Acc: 0.7932 | F1: 0.4447 | ROC-AUC: 0.0000
       -> Treinando Multi-Head DL (MLP)...
      [Aviso] SMOTE falhou em Electric_Motor (poucas amostras?). Erro: Expected n_neighbors <= n_samples_fit, but n_neighbors = 6, n_samples_fit = 4, n_samples = 4
          [Multi-Head DL (MLP)] Bal Acc: 0.6355 | F1: 0.5859 | ROC-AUC: 0.8379
       -> Treinando Multi-Head DL (TABNET)...
      [Aviso] SMOTE falhou em Electric_Motor (poucas amostras?). Erro: Expected n_neighbors <= n_samples_fit, but n_neighbors = 6, n_samples_fit = 4, n_samples = 4
          [Multi-Head DL (TABNET)] Bal Acc: 0.6173 | F1: 0.5318 | ROC-AUC: 0.8051

   --- Dobra de Teste: Load_1HP ---
       -> Treinando Random Forest...
          [Random Forest] Bal Acc: 0.9279 | F1: 0.9274 | ROC-AUC: 0.0000
       -> Treinando SVM (RBF)...
          [SVM (RBF)] Bal Acc: 0.8958 | F1: 0.8916 | ROC-AUC: 0.0000
       -> Treinando Multi-Head DL (MLP)...
      [Aviso] SMOTE falhou em Electric_Motor (poucas amostras?). Erro: Expected n_neighbors <= n_samples_fit, but n_neighbors = 6, n_samples_fit = 4, n_samples = 4
          [Multi-Head DL (MLP)] Bal Acc: 0.5876 | F1: 0.5542 | ROC-AUC: 0.7945
       -> Treinando Multi-Head DL (TABNET)...
      [Aviso] SMOTE falhou em Electric_Motor (poucas amostras?). Erro: Expected n_neighbors <= n_samples_fit, but n_neighbors = 6, n_samples_fit = 4, n_samples = 4
          [Multi-Head DL (TABNET)] Bal Acc: 0.7333 | F1: 0.6842 | ROC-AUC: 0.9116

   --- Dobra de Teste: Load_2HP ---
       -> Treinando Random Forest...
          [Random Forest] Bal Acc: 0.9933 | F1: 0.9933 | ROC-AUC: 0.0000
       -> Treinando SVM (RBF)...
          [SVM (RBF)] Bal Acc: 0.8877 | F1: 0.7022 | ROC-AUC: 0.0000
       -> Treinando Multi-Head DL (MLP)...
      [Aviso] SMOTE falhou em Electric_Motor (poucas amostras?). Erro: Expected n_neighbors <= n_samples_fit, but n_neighbors = 6, n_samples_fit = 4, n_samples = 4
          [Multi-Head DL (MLP)] Bal Acc: 0.7959 | F1: 0.7908 | ROC-AUC: 0.9358
       -> Treinando Multi-Head DL (TABNET)...
      [Aviso] SMOTE falhou em Electric_Motor (poucas amostras?). Erro: Expected n_neighbors <= n_samples_fit, but n_neighbors = 6, n_samples_fit = 4, n_samples = 4
          [Multi-Head DL (TABNET)] Bal Acc: 0.6700 | F1: 0.6371 | ROC-AUC: 0.8672

   --- Dobra de Teste: Load_3HP ---
       -> Treinando Random Forest...
          [Random Forest] Bal Acc: 0.8971 | F1: 0.8984 | ROC-AUC: 0.0000
       -> Treinando SVM (RBF)...
          [SVM (RBF)] Bal Acc: 0.8765 | F1: 0.8687 | ROC-AUC: 0.0000
       -> Treinando Multi-Head DL (MLP)...
      [Aviso] SMOTE falhou em Electric_Motor (poucas amostras?). Erro: Expected n_neighbors <= n_samples_fit, but n_neighbors = 6, n_samples_fit = 4, n_samples = 4
          [Multi-Head DL (MLP)] Bal Acc: 0.5330 | F1: 0.4711 | ROC-AUC: 0.7500
       -> Treinando Multi-Head DL (TABNET)...
      [Aviso] SMOTE falhou em Electric_Motor (poucas amostras?). Erro: Expected n_neighbors <= n_samples_fit, but n_neighbors = 6, n_samples_fit = 4, n_samples = 4
          [Multi-Head DL (TABNET)] Bal Acc: 0.6874 | F1: 0.6303 | ROC-AUC: 0.8908

########################################
 ALVO: UOEMD
########################################

   --- Dobra de Teste: Load_Loaded_Speed_15Hz ---
       -> Treinando Random Forest...
          [Random Forest] Bal Acc: 0.6750 | F1: 0.6272 | ROC-AUC: 0.0000
       -> Treinando SVM (RBF)...
          [SVM (RBF)] Bal Acc: 0.6250 | F1: 0.5434 | ROC-AUC: 0.0000
       -> Treinando Multi-Head DL (MLP)...
      [Aviso] SMOTE falhou em Electric_Motor (poucas amostras?). Erro: Expected n_neighbors <= n_samples_fit, but n_neighbors = 6, n_samples_fit = 4, n_samples = 4
          [Multi-Head DL (MLP)] Bal Acc: 0.3750 | F1: 0.2624 | ROC-AUC: 0.8213
       -> Treinando Multi-Head DL (TABNET)...
      [Aviso] SMOTE falhou em Electric_Motor (poucas amostras?). Erro: Expected n_neighbors <= n_samples_fit, but n_neighbors = 6, n_samples_fit = 4, n_samples = 4
          [Multi-Head DL (TABNET)] Bal Acc: 0.3875 | F1: 0.3634 | ROC-AUC: 0.7932

   --- Dobra de Teste: Load_Loaded_Speed_30Hz ---
       -> Treinando Random Forest...
          [Random Forest] Bal Acc: 1.0000 | F1: 1.0000 | ROC-AUC: 0.0000
       -> Treinando SVM (RBF)...
          [SVM (RBF)] Bal Acc: 0.8500 | F1: 0.8029 | ROC-AUC: 0.0000
       -> Treinando Multi-Head DL (MLP)...
      [Aviso] SMOTE falhou em Electric_Motor (poucas amostras?). Erro: Expected n_neighbors <= n_samples_fit, but n_neighbors = 6, n_samples_fit = 4, n_samples = 4
          [Multi-Head DL (MLP)] Bal Acc: 0.4875 | F1: 0.4418 | ROC-AUC: 0.8429
       -> Treinando Multi-Head DL (TABNET)...
      [Aviso] SMOTE falhou em Electric_Motor (poucas amostras?). Erro: Expected n_neighbors <= n_samples_fit, but n_neighbors = 6, n_samples_fit = 4, n_samples = 4
          [Multi-Head DL (TABNET)] Bal Acc: 0.5375 | F1: 0.4854 | ROC-AUC: 0.7914

   --- Dobra de Teste: Load_Loaded_Speed_45Hz ---
       -> Treinando Random Forest...
/home/vfrocha/.local/lib/python3.10/site-packages/sklearn/metrics/_classification.py:2524: UserWarning: y_pred contains classes not in y_true
  warnings.warn("y_pred contains classes not in y_true")
/home/vfrocha/.local/lib/python3.10/site-packages/sklearn/metrics/_classification.py:2524: UserWarning: y_pred contains classes not in y_true
  warnings.warn("y_pred contains classes not in y_true")
/home/vfrocha/.local/lib/python3.10/site-packages/sklearn/metrics/_classification.py:2524: UserWarning: y_pred contains classes not in y_true
  warnings.warn("y_pred contains classes not in y_true")
/home/vfrocha/.local/lib/python3.10/site-packages/sklearn/metrics/_classification.py:2524: UserWarning: y_pred contains classes not in y_true
  warnings.warn("y_pred contains classes not in y_true")
/home/vfrocha/.local/lib/python3.10/site-packages/sklearn/metrics/_classification.py:2524: UserWarning: y_pred contains classes not in y_true
  warnings.warn("y_pred contains classes not in y_true")
          [Random Forest] Bal Acc: 0.9750 | F1: 0.9747 | ROC-AUC: 0.0000
       -> Treinando SVM (RBF)...
          [SVM (RBF)] Bal Acc: 0.5500 | F1: 0.4650 | ROC-AUC: 0.0000
       -> Treinando Multi-Head DL (MLP)...
      [Aviso] SMOTE falhou em Electric_Motor (poucas amostras?). Erro: Expected n_neighbors <= n_samples_fit, but n_neighbors = 6, n_samples_fit = 4, n_samples = 4
          [Multi-Head DL (MLP)] Bal Acc: 0.6125 | F1: 0.5058 | ROC-AUC: 0.9096
       -> Treinando Multi-Head DL (TABNET)...
      [Aviso] SMOTE falhou em Electric_Motor (poucas amostras?). Erro: Expected n_neighbors <= n_samples_fit, but n_neighbors = 6, n_samples_fit = 4, n_samples = 4
          [Multi-Head DL (TABNET)] Bal Acc: 0.6000 | F1: 0.5526 | ROC-AUC: 0.7814

   --- Dobra de Teste: Load_Loaded_Speed_60Hz ---
       -> Treinando Random Forest...
          [Random Forest] Bal Acc: 0.6125 | F1: 0.5434 | ROC-AUC: 0.0000
       -> Treinando SVM (RBF)...
          [SVM (RBF)] Bal Acc: 0.4750 | F1: 0.3685 | ROC-AUC: 0.0000
       -> Treinando Multi-Head DL (MLP)...
      [Aviso] SMOTE falhou em Electric_Motor (poucas amostras?). Erro: Expected n_neighbors <= n_samples_fit, but n_neighbors = 6, n_samples_fit = 4, n_samples = 4
          [Multi-Head DL (MLP)] Bal Acc: 0.5000 | F1: 0.4167 | ROC-AUC: 0.7239
       -> Treinando Multi-Head DL (TABNET)...
      [Aviso] SMOTE falhou em Electric_Motor (poucas amostras?). Erro: Expected n_neighbors <= n_samples_fit, but n_neighbors = 6, n_samples_fit = 4, n_samples = 4
          [Multi-Head DL (TABNET)] Bal Acc: 0.5125 | F1: 0.4244 | ROC-AUC: 0.8413

   --- Dobra de Teste: Load_Loaded_Speed_Dec_45_to_15Hz ---
       -> Treinando Random Forest...
          [Random Forest] Bal Acc: 0.9125 | F1: 0.9138 | ROC-AUC: 0.0000
       -> Treinando SVM (RBF)...
          [SVM (RBF)] Bal Acc: 0.6250 | F1: 0.5637 | ROC-AUC: 0.0000
       -> Treinando Multi-Head DL (MLP)...
      [Aviso] SMOTE falhou em Electric_Motor (poucas amostras?). Erro: Expected n_neighbors <= n_samples_fit, but n_neighbors = 6, n_samples_fit = 4, n_samples = 4
          [Multi-Head DL (MLP)] Bal Acc: 0.4500 | F1: 0.4049 | ROC-AUC: 0.7914
       -> Treinando Multi-Head DL (TABNET)...
      [Aviso] SMOTE falhou em Electric_Motor (poucas amostras?). Erro: Expected n_neighbors <= n_samples_fit, but n_neighbors = 6, n_samples_fit = 4, n_samples = 4
          [Multi-Head DL (TABNET)] Bal Acc: 0.4750 | F1: 0.4485 | ROC-AUC: 0.8455

   --- Dobra de Teste: Load_Loaded_Speed_Dec_60_to_30Hz ---
       -> Treinando Random Forest...
          [Random Forest] Bal Acc: 0.9500 | F1: 0.9497 | ROC-AUC: 0.0000
       -> Treinando SVM (RBF)...
          [SVM (RBF)] Bal Acc: 0.6500 | F1: 0.6151 | ROC-AUC: 0.0000
       -> Treinando Multi-Head DL (MLP)...
      [Aviso] SMOTE falhou em Electric_Motor (poucas amostras?). Erro: Expected n_neighbors <= n_samples_fit, but n_neighbors = 6, n_samples_fit = 4, n_samples = 4
          [Multi-Head DL (MLP)] Bal Acc: 0.4750 | F1: 0.4398 | ROC-AUC: 0.8805
       -> Treinando Multi-Head DL (TABNET)...
      [Aviso] SMOTE falhou em Electric_Motor (poucas amostras?). Erro: Expected n_neighbors <= n_samples_fit, but n_neighbors = 6, n_samples_fit = 4, n_samples = 4
          [Multi-Head DL (TABNET)] Bal Acc: 0.4250 | F1: 0.3725 | ROC-AUC: 0.7845

   --- Dobra de Teste: Load_Loaded_Speed_Inc_15_to_45Hz ---
       -> Treinando Random Forest...
          [Random Forest] Bal Acc: 0.9625 | F1: 0.9624 | ROC-AUC: 0.0000
       -> Treinando SVM (RBF)...
          [SVM (RBF)] Bal Acc: 0.7125 | F1: 0.6278 | ROC-AUC: 0.0000
       -> Treinando Multi-Head DL (MLP)...
      [Aviso] SMOTE falhou em Electric_Motor (poucas amostras?). Erro: Expected n_neighbors <= n_samples_fit, but n_neighbors = 6, n_samples_fit = 4, n_samples = 4
          [Multi-Head DL (MLP)] Bal Acc: 0.3250 | F1: 0.2896 | ROC-AUC: 0.7555
       -> Treinando Multi-Head DL (TABNET)...
      [Aviso] SMOTE falhou em Electric_Motor (poucas amostras?). Erro: Expected n_neighbors <= n_samples_fit, but n_neighbors = 6, n_samples_fit = 4, n_samples = 4
          [Multi-Head DL (TABNET)] Bal Acc: 0.5750 | F1: 0.5322 | ROC-AUC: 0.8552

   --- Dobra de Teste: Load_Loaded_Speed_Inc_30_to_60Hz ---
       -> Treinando Random Forest...
          [Random Forest] Bal Acc: 0.8500 | F1: 0.8482 | ROC-AUC: 0.0000
       -> Treinando SVM (RBF)...
          [SVM (RBF)] Bal Acc: 0.6250 | F1: 0.5317 | ROC-AUC: 0.0000
       -> Treinando Multi-Head DL (MLP)...
      [Aviso] SMOTE falhou em Electric_Motor (poucas amostras?). Erro: Expected n_neighbors <= n_samples_fit, but n_neighbors = 6, n_samples_fit = 4, n_samples = 4
          [Multi-Head DL (MLP)] Bal Acc: 0.4375 | F1: 0.3919 | ROC-AUC: 0.8302
       -> Treinando Multi-Head DL (TABNET)...
      [Aviso] SMOTE falhou em Electric_Motor (poucas amostras?). Erro: Expected n_neighbors <= n_samples_fit, but n_neighbors = 6, n_samples_fit = 4, n_samples = 4
          [Multi-Head DL (TABNET)] Bal Acc: 0.4000 | F1: 0.3498 | ROC-AUC: 0.8225

   --- Dobra de Teste: Load_No_Load_Speed_15Hz ---
       -> Treinando Random Forest...
          [Random Forest] Bal Acc: 0.6250 | F1: 0.5189 | ROC-AUC: 0.0000
       -> Treinando SVM (RBF)...
          [SVM (RBF)] Bal Acc: 0.8625 | F1: 0.8208 | ROC-AUC: 0.0000
       -> Treinando Multi-Head DL (MLP)...
      [Aviso] SMOTE falhou em Electric_Motor (poucas amostras?). Erro: Expected n_neighbors <= n_samples_fit, but n_neighbors = 6, n_samples_fit = 4, n_samples = 4
          [Multi-Head DL (MLP)] Bal Acc: 0.1625 | F1: 0.1110 | ROC-AUC: 0.6532
       -> Treinando Multi-Head DL (TABNET)...
      [Aviso] SMOTE falhou em Electric_Motor (poucas amostras?). Erro: Expected n_neighbors <= n_samples_fit, but n_neighbors = 6, n_samples_fit = 4, n_samples = 4
          [Multi-Head DL (TABNET)] Bal Acc: 0.2500 | F1: 0.1672 | ROC-AUC: 0.7527

   --- Dobra de Teste: Load_No_Load_Speed_30Hz ---
       -> Treinando Random Forest...
          [Random Forest] Bal Acc: 0.7875 | F1: 0.7336 | ROC-AUC: 0.0000
       -> Treinando SVM (RBF)...
          [SVM (RBF)] Bal Acc: 0.6500 | F1: 0.5643 | ROC-AUC: 0.0000
       -> Treinando Multi-Head DL (MLP)...
      [Aviso] SMOTE falhou em Electric_Motor (poucas amostras?). Erro: Expected n_neighbors <= n_samples_fit, but n_neighbors = 6, n_samples_fit = 4, n_samples = 4
          [Multi-Head DL (MLP)] Bal Acc: 0.5750 | F1: 0.5646 | ROC-AUC: 0.8891
       -> Treinando Multi-Head DL (TABNET)...
      [Aviso] SMOTE falhou em Electric_Motor (poucas amostras?). Erro: Expected n_neighbors <= n_samples_fit, but n_neighbors = 6, n_samples_fit = 4, n_samples = 4
          [Multi-Head DL (TABNET)] Bal Acc: 0.5250 | F1: 0.4449 | ROC-AUC: 0.9270

   --- Dobra de Teste: Load_No_Load_Speed_45Hz ---
       -> Treinando Random Forest...
          [Random Forest] Bal Acc: 1.0000 | F1: 1.0000 | ROC-AUC: 0.0000
       -> Treinando SVM (RBF)...
          [SVM (RBF)] Bal Acc: 0.5125 | F1: 0.5300 | ROC-AUC: 0.0000
       -> Treinando Multi-Head DL (MLP)...
      [Aviso] SMOTE falhou em Electric_Motor (poucas amostras?). Erro: Expected n_neighbors <= n_samples_fit, but n_neighbors = 6, n_samples_fit = 4, n_samples = 4
          [Multi-Head DL (MLP)] Bal Acc: 0.6000 | F1: 0.5755 | ROC-AUC: 0.8986
       -> Treinando Multi-Head DL (TABNET)...
      [Aviso] SMOTE falhou em Electric_Motor (poucas amostras?). Erro: Expected n_neighbors <= n_samples_fit, but n_neighbors = 6, n_samples_fit = 4, n_samples = 4
          [Multi-Head DL (TABNET)] Bal Acc: 0.3750 | F1: 0.3750 | ROC-AUC: 0.9011

   --- Dobra de Teste: Load_No_Load_Speed_60Hz ---
       -> Treinando Random Forest...
          [Random Forest] Bal Acc: 0.9750 | F1: 0.9747 | ROC-AUC: 0.0000
       -> Treinando SVM (RBF)...
          [SVM (RBF)] Bal Acc: 0.6250 | F1: 0.5137 | ROC-AUC: 0.0000
       -> Treinando Multi-Head DL (MLP)...
      [Aviso] SMOTE falhou em Electric_Motor (poucas amostras?). Erro: Expected n_neighbors <= n_samples_fit, but n_neighbors = 6, n_samples_fit = 4, n_samples = 4
          [Multi-Head DL (MLP)] Bal Acc: 0.2875 | F1: 0.2502 | ROC-AUC: 0.7486
       -> Treinando Multi-Head DL (TABNET)...
/home/vfrocha/.local/lib/python3.10/site-packages/sklearn/metrics/_classification.py:2524: UserWarning: y_pred contains classes not in y_true
  warnings.warn("y_pred contains classes not in y_true")
/home/vfrocha/.local/lib/python3.10/site-packages/sklearn/metrics/_classification.py:2524: UserWarning: y_pred contains classes not in y_true
  warnings.warn("y_pred contains classes not in y_true")
      [Aviso] SMOTE falhou em Electric_Motor (poucas amostras?). Erro: Expected n_neighbors <= n_samples_fit, but n_neighbors = 6, n_samples_fit = 4, n_samples = 4
          [Multi-Head DL (TABNET)] Bal Acc: 0.5625 | F1: 0.5127 | ROC-AUC: 0.8925

   --- Dobra de Teste: Load_No_Load_Speed_Dec_45_to_15Hz ---
       -> Treinando Random Forest...
          [Random Forest] Bal Acc: 0.9375 | F1: 0.9365 | ROC-AUC: 0.0000
       -> Treinando SVM (RBF)...
          [SVM (RBF)] Bal Acc: 0.7375 | F1: 0.7350 | ROC-AUC: 0.0000
       -> Treinando Multi-Head DL (MLP)...
      [Aviso] SMOTE falhou em Electric_Motor (poucas amostras?). Erro: Expected n_neighbors <= n_samples_fit, but n_neighbors = 6, n_samples_fit = 4, n_samples = 4
          [Multi-Head DL (MLP)] Bal Acc: 0.3625 | F1: 0.2880 | ROC-AUC: 0.7312
       -> Treinando Multi-Head DL (TABNET)...
      [Aviso] SMOTE falhou em Electric_Motor (poucas amostras?). Erro: Expected n_neighbors <= n_samples_fit, but n_neighbors = 6, n_samples_fit = 4, n_samples = 4
          [Multi-Head DL (TABNET)] Bal Acc: 0.4875 | F1: 0.4276 | ROC-AUC: 0.8434

   --- Dobra de Teste: Load_No_Load_Speed_Dec_60_to_30Hz ---
       -> Treinando Random Forest...
          [Random Forest] Bal Acc: 0.9625 | F1: 0.9617 | ROC-AUC: 0.0000
       -> Treinando SVM (RBF)...
          [SVM (RBF)] Bal Acc: 0.7750 | F1: 0.6881 | ROC-AUC: 0.0000
       -> Treinando Multi-Head DL (MLP)...
      [Aviso] SMOTE falhou em Electric_Motor (poucas amostras?). Erro: Expected n_neighbors <= n_samples_fit, but n_neighbors = 6, n_samples_fit = 4, n_samples = 4
          [Multi-Head DL (MLP)] Bal Acc: 0.4625 | F1: 0.4046 | ROC-AUC: 0.7980
       -> Treinando Multi-Head DL (TABNET)...
      [Aviso] SMOTE falhou em Electric_Motor (poucas amostras?). Erro: Expected n_neighbors <= n_samples_fit, but n_neighbors = 6, n_samples_fit = 4, n_samples = 4
          [Multi-Head DL (TABNET)] Bal Acc: 0.6125 | F1: 0.5685 | ROC-AUC: 0.8813

   --- Dobra de Teste: Load_No_Load_Speed_Inc_15_to_45Hz ---
       -> Treinando Random Forest...
          [Random Forest] Bal Acc: 0.9625 | F1: 0.9624 | ROC-AUC: 0.0000
       -> Treinando SVM (RBF)...
          [SVM (RBF)] Bal Acc: 0.8000 | F1: 0.7950 | ROC-AUC: 0.0000
       -> Treinando Multi-Head DL (MLP)...
      [Aviso] SMOTE falhou em Electric_Motor (poucas amostras?). Erro: Expected n_neighbors <= n_samples_fit, but n_neighbors = 6, n_samples_fit = 4, n_samples = 4
          [Multi-Head DL (MLP)] Bal Acc: 0.4375 | F1: 0.3873 | ROC-AUC: 0.8155
       -> Treinando Multi-Head DL (TABNET)...
      [Aviso] SMOTE falhou em Electric_Motor (poucas amostras?). Erro: Expected n_neighbors <= n_samples_fit, but n_neighbors = 6, n_samples_fit = 4, n_samples = 4
          [Multi-Head DL (TABNET)] Bal Acc: 0.5500 | F1: 0.5188 | ROC-AUC: 0.8964

   --- Dobra de Teste: Load_No_Load_Speed_Inc_30_to_60Hz ---
       -> Treinando Random Forest...
          [Random Forest] Bal Acc: 0.9500 | F1: 0.9498 | ROC-AUC: 0.0000
       -> Treinando SVM (RBF)...
          [SVM (RBF)] Bal Acc: 0.7625 | F1: 0.6151 | ROC-AUC: 0.0000
       -> Treinando Multi-Head DL (MLP)...
      [Aviso] SMOTE falhou em Electric_Motor (poucas amostras?). Erro: Expected n_neighbors <= n_samples_fit, but n_neighbors = 6, n_samples_fit = 4, n_samples = 4
          [Multi-Head DL (MLP)] Bal Acc: 0.4250 | F1: 0.3616 | ROC-AUC: 0.8241
       -> Treinando Multi-Head DL (TABNET)...
      [Aviso] SMOTE falhou em Electric_Motor (poucas amostras?). Erro: Expected n_neighbors <= n_samples_fit, but n_neighbors = 6, n_samples_fit = 4, n_samples = 4
          [Multi-Head DL (TABNET)] Bal Acc: 0.6250 | F1: 0.6123 | ROC-AUC: 0.8666

########################################
 ALVO: HUST_Gearbox
########################################

   --- Dobra de Teste: Cond_20_0 ---
       -> Treinando Random Forest...
          [Random Forest] Bal Acc: 0.6667 | F1: 0.5556 | ROC-AUC: 0.0000
       -> Treinando SVM (RBF)...
          [SVM (RBF)] Bal Acc: 1.0000 | F1: 1.0000 | ROC-AUC: 0.0000
       -> Treinando Multi-Head DL (MLP)...
      [Aviso] SMOTE falhou em Electric_Motor (poucas amostras?). Erro: Expected n_neighbors <= n_samples_fit, but n_neighbors = 6, n_samples_fit = 4, n_samples = 4
          [Multi-Head DL (MLP)] Bal Acc: 1.0000 | F1: 1.0000 | ROC-AUC: 1.0000
       -> Treinando Multi-Head DL (TABNET)...
      [Aviso] SMOTE falhou em Electric_Motor (poucas amostras?). Erro: Expected n_neighbors <= n_samples_fit, but n_neighbors = 6, n_samples_fit = 4, n_samples = 4
          [Multi-Head DL (TABNET)] Bal Acc: 0.6667 | F1: 0.5556 | ROC-AUC: 0.9417

   --- Dobra de Teste: Cond_20_1 ---
       -> Treinando Random Forest...
          [Random Forest] Bal Acc: 0.9667 | F1: 0.9666 | ROC-AUC: 0.0000
       -> Treinando SVM (RBF)...
          [SVM (RBF)] Bal Acc: 0.9667 | F1: 0.9666 | ROC-AUC: 0.0000
       -> Treinando Multi-Head DL (MLP)...
      [Aviso] SMOTE falhou em Electric_Motor (poucas amostras?). Erro: Expected n_neighbors <= n_samples_fit, but n_neighbors = 6, n_samples_fit = 4, n_samples = 4
          [Multi-Head DL (MLP)] Bal Acc: 1.0000 | F1: 1.0000 | ROC-AUC: 1.0000
       -> Treinando Multi-Head DL (TABNET)...
      [Aviso] SMOTE falhou em Electric_Motor (poucas amostras?). Erro: Expected n_neighbors <= n_samples_fit, but n_neighbors = 6, n_samples_fit = 4, n_samples = 4
          [Multi-Head DL (TABNET)] Bal Acc: 1.0000 | F1: 1.0000 | ROC-AUC: 1.0000

   --- Dobra de Teste: Cond_20_2 ---
       -> Treinando Random Forest...
          [Random Forest] Bal Acc: 1.0000 | F1: 1.0000 | ROC-AUC: 0.0000
       -> Treinando SVM (RBF)...
          [SVM (RBF)] Bal Acc: 0.9667 | F1: 0.9666 | ROC-AUC: 0.0000
       -> Treinando Multi-Head DL (MLP)...
      [Aviso] SMOTE falhou em Electric_Motor (poucas amostras?). Erro: Expected n_neighbors <= n_samples_fit, but n_neighbors = 6, n_samples_fit = 4, n_samples = 4
          [Multi-Head DL (MLP)] Bal Acc: 1.0000 | F1: 1.0000 | ROC-AUC: 1.0000
       -> Treinando Multi-Head DL (TABNET)...
      [Aviso] SMOTE falhou em Electric_Motor (poucas amostras?). Erro: Expected n_neighbors <= n_samples_fit, but n_neighbors = 6, n_samples_fit = 4, n_samples = 4
          [Multi-Head DL (TABNET)] Bal Acc: 0.7000 | F1: 0.6238 | ROC-AUC: 1.0000

   --- Dobra de Teste: Cond_20_3 ---
       -> Treinando Random Forest...
          [Random Forest] Bal Acc: 1.0000 | F1: 1.0000 | ROC-AUC: 0.0000
       -> Treinando SVM (RBF)...
          [SVM (RBF)] Bal Acc: 0.6667 | F1: 0.6633 | ROC-AUC: 0.0000
       -> Treinando Multi-Head DL (MLP)...
      [Aviso] SMOTE falhou em Electric_Motor (poucas amostras?). Erro: Expected n_neighbors <= n_samples_fit, but n_neighbors = 6, n_samples_fit = 4, n_samples = 4
          [Multi-Head DL (MLP)] Bal Acc: 0.6667 | F1: 0.5556 | ROC-AUC: 1.0000
       -> Treinando Multi-Head DL (TABNET)...
      [Aviso] SMOTE falhou em Electric_Motor (poucas amostras?). Erro: Expected n_neighbors <= n_samples_fit, but n_neighbors = 6, n_samples_fit = 4, n_samples = 4
          [Multi-Head DL (TABNET)] Bal Acc: 0.7667 | F1: 0.7341 | ROC-AUC: 1.0000

   --- Dobra de Teste: Cond_20_4 ---
       -> Treinando Random Forest...
          [Random Forest] Bal Acc: 0.6667 | F1: 0.5556 | ROC-AUC: 0.0000
       -> Treinando SVM (RBF)...
          [SVM (RBF)] Bal Acc: 0.4333 | F1: 0.4203 | ROC-AUC: 0.0000
       -> Treinando Multi-Head DL (MLP)...
      [Aviso] SMOTE falhou em Electric_Motor (poucas amostras?). Erro: Expected n_neighbors <= n_samples_fit, but n_neighbors = 6, n_samples_fit = 4, n_samples = 4
          [Multi-Head DL (MLP)] Bal Acc: 0.5000 | F1: 0.4667 | ROC-AUC: 0.6667
       -> Treinando Multi-Head DL (TABNET)...
      [Aviso] SMOTE falhou em Electric_Motor (poucas amostras?). Erro: Expected n_neighbors <= n_samples_fit, but n_neighbors = 6, n_samples_fit = 4, n_samples = 4
          [Multi-Head DL (TABNET)] Bal Acc: 0.6667 | F1: 0.5556 | ROC-AUC: 0.6667

   --- Dobra de Teste: Cond_25_0 ---
       -> Treinando Random Forest...
          [Random Forest] Bal Acc: 1.0000 | F1: 1.0000 | ROC-AUC: 0.0000
       -> Treinando SVM (RBF)...
          [SVM (RBF)] Bal Acc: 1.0000 | F1: 1.0000 | ROC-AUC: 0.0000
       -> Treinando Multi-Head DL (MLP)...
/home/vfrocha/.local/lib/python3.10/site-packages/sklearn/metrics/_classification.py:2524: UserWarning: y_pred contains classes not in y_true
  warnings.warn("y_pred contains classes not in y_true")
      [Aviso] SMOTE falhou em Electric_Motor (poucas amostras?). Erro: Expected n_neighbors <= n_samples_fit, but n_neighbors = 6, n_samples_fit = 4, n_samples = 4
          [Multi-Head DL (MLP)] Bal Acc: 0.6667 | F1: 0.5556 | ROC-AUC: 1.0000
       -> Treinando Multi-Head DL (TABNET)...
      [Aviso] SMOTE falhou em Electric_Motor (poucas amostras?). Erro: Expected n_neighbors <= n_samples_fit, but n_neighbors = 6, n_samples_fit = 4, n_samples = 4
          [Multi-Head DL (TABNET)] Bal Acc: 1.0000 | F1: 1.0000 | ROC-AUC: 1.0000

   --- Dobra de Teste: Cond_25_1 ---
       -> Treinando Random Forest...
          [Random Forest] Bal Acc: 0.9000 | F1: 0.8977 | ROC-AUC: 0.0000
       -> Treinando SVM (RBF)...
          [SVM (RBF)] Bal Acc: 0.9667 | F1: 0.7368 | ROC-AUC: 0.0000
       -> Treinando Multi-Head DL (MLP)...
      [Aviso] SMOTE falhou em Electric_Motor (poucas amostras?). Erro: Expected n_neighbors <= n_samples_fit, but n_neighbors = 6, n_samples_fit = 4, n_samples = 4
          [Multi-Head DL (MLP)] Bal Acc: 1.0000 | F1: 1.0000 | ROC-AUC: 1.0000
       -> Treinando Multi-Head DL (TABNET)...
      [Aviso] SMOTE falhou em Electric_Motor (poucas amostras?). Erro: Expected n_neighbors <= n_samples_fit, but n_neighbors = 6, n_samples_fit = 4, n_samples = 4
          [Multi-Head DL (TABNET)] Bal Acc: 1.0000 | F1: 1.0000 | ROC-AUC: 1.0000

   --- Dobra de Teste: Cond_25_2 ---
       -> Treinando Random Forest...
          [Random Forest] Bal Acc: 1.0000 | F1: 1.0000 | ROC-AUC: 0.0000
       -> Treinando SVM (RBF)...
          [SVM (RBF)] Bal Acc: 1.0000 | F1: 1.0000 | ROC-AUC: 0.0000
       -> Treinando Multi-Head DL (MLP)...
      [Aviso] SMOTE falhou em Electric_Motor (poucas amostras?). Erro: Expected n_neighbors <= n_samples_fit, but n_neighbors = 6, n_samples_fit = 4, n_samples = 4
          [Multi-Head DL (MLP)] Bal Acc: 1.0000 | F1: 1.0000 | ROC-AUC: 1.0000
       -> Treinando Multi-Head DL (TABNET)...
      [Aviso] SMOTE falhou em Electric_Motor (poucas amostras?). Erro: Expected n_neighbors <= n_samples_fit, but n_neighbors = 6, n_samples_fit = 4, n_samples = 4
          [Multi-Head DL (TABNET)] Bal Acc: 0.6667 | F1: 0.5556 | ROC-AUC: 1.0000

   --- Dobra de Teste: Cond_25_3 ---
       -> Treinando Random Forest...
          [Random Forest] Bal Acc: 0.9000 | F1: 0.8977 | ROC-AUC: 0.0000
       -> Treinando SVM (RBF)...
          [SVM (RBF)] Bal Acc: 0.8333 | F1: 0.8222 | ROC-AUC: 0.0000
       -> Treinando Multi-Head DL (MLP)...
      [Aviso] SMOTE falhou em Electric_Motor (poucas amostras?). Erro: Expected n_neighbors <= n_samples_fit, but n_neighbors = 6, n_samples_fit = 4, n_samples = 4
          [Multi-Head DL (MLP)] Bal Acc: 1.0000 | F1: 1.0000 | ROC-AUC: 1.0000
       -> Treinando Multi-Head DL (TABNET)...
      [Aviso] SMOTE falhou em Electric_Motor (poucas amostras?). Erro: Expected n_neighbors <= n_samples_fit, but n_neighbors = 6, n_samples_fit = 4, n_samples = 4
          [Multi-Head DL (TABNET)] Bal Acc: 1.0000 | F1: 1.0000 | ROC-AUC: 1.0000

   --- Dobra de Teste: Cond_25_4 ---
       -> Treinando Random Forest...
          [Random Forest] Bal Acc: 0.6667 | F1: 0.5556 | ROC-AUC: 0.0000
       -> Treinando SVM (RBF)...
          [SVM (RBF)] Bal Acc: 0.7333 | F1: 0.6825 | ROC-AUC: 0.0000
       -> Treinando Multi-Head DL (MLP)...
      [Aviso] SMOTE falhou em Electric_Motor (poucas amostras?). Erro: Expected n_neighbors <= n_samples_fit, but n_neighbors = 6, n_samples_fit = 4, n_samples = 4
          [Multi-Head DL (MLP)] Bal Acc: 0.6667 | F1: 0.5556 | ROC-AUC: 0.9667
       -> Treinando Multi-Head DL (TABNET)...
      [Aviso] SMOTE falhou em Electric_Motor (poucas amostras?). Erro: Expected n_neighbors <= n_samples_fit, but n_neighbors = 6, n_samples_fit = 4, n_samples = 4
          [Multi-Head DL (TABNET)] Bal Acc: 0.9333 | F1: 0.9327 | ROC-AUC: 1.0000

   --- Dobra de Teste: Cond_30_0 ---
       -> Treinando Random Forest...
          [Random Forest] Bal Acc: 1.0000 | F1: 1.0000 | ROC-AUC: 0.0000
       -> Treinando SVM (RBF)...
          [SVM (RBF)] Bal Acc: 1.0000 | F1: 1.0000 | ROC-AUC: 0.0000
       -> Treinando Multi-Head DL (MLP)...
      [Aviso] SMOTE falhou em Electric_Motor (poucas amostras?). Erro: Expected n_neighbors <= n_samples_fit, but n_neighbors = 6, n_samples_fit = 4, n_samples = 4
          [Multi-Head DL (MLP)] Bal Acc: 1.0000 | F1: 1.0000 | ROC-AUC: 1.0000
       -> Treinando Multi-Head DL (TABNET)...
      [Aviso] SMOTE falhou em Electric_Motor (poucas amostras?). Erro: Expected n_neighbors <= n_samples_fit, but n_neighbors = 6, n_samples_fit = 4, n_samples = 4
          [Multi-Head DL (TABNET)] Bal Acc: 1.0000 | F1: 1.0000 | ROC-AUC: 1.0000

   --- Dobra de Teste: Cond_30_1 ---
       -> Treinando Random Forest...
          [Random Forest] Bal Acc: 1.0000 | F1: 1.0000 | ROC-AUC: 0.0000
       -> Treinando SVM (RBF)...
          [SVM (RBF)] Bal Acc: 1.0000 | F1: 1.0000 | ROC-AUC: 0.0000
       -> Treinando Multi-Head DL (MLP)...
      [Aviso] SMOTE falhou em Electric_Motor (poucas amostras?). Erro: Expected n_neighbors <= n_samples_fit, but n_neighbors = 6, n_samples_fit = 4, n_samples = 4
          [Multi-Head DL (MLP)] Bal Acc: 0.8667 | F1: 0.8611 | ROC-AUC: 0.9733
       -> Treinando Multi-Head DL (TABNET)...
      [Aviso] SMOTE falhou em Electric_Motor (poucas amostras?). Erro: Expected n_neighbors <= n_samples_fit, but n_neighbors = 6, n_samples_fit = 4, n_samples = 4
          [Multi-Head DL (TABNET)] Bal Acc: 0.7000 | F1: 0.6238 | ROC-AUC: 1.0000

   --- Dobra de Teste: Cond_30_2 ---
       -> Treinando Random Forest...
          [Random Forest] Bal Acc: 1.0000 | F1: 1.0000 | ROC-AUC: 0.0000
       -> Treinando SVM (RBF)...
          [SVM (RBF)] Bal Acc: 1.0000 | F1: 1.0000 | ROC-AUC: 0.0000
       -> Treinando Multi-Head DL (MLP)...
      [Aviso] SMOTE falhou em Electric_Motor (poucas amostras?). Erro: Expected n_neighbors <= n_samples_fit, but n_neighbors = 6, n_samples_fit = 4, n_samples = 4
          [Multi-Head DL (MLP)] Bal Acc: 1.0000 | F1: 1.0000 | ROC-AUC: 1.0000
       -> Treinando Multi-Head DL (TABNET)...
      [Aviso] SMOTE falhou em Electric_Motor (poucas amostras?). Erro: Expected n_neighbors <= n_samples_fit, but n_neighbors = 6, n_samples_fit = 4, n_samples = 4
          [Multi-Head DL (TABNET)] Bal Acc: 0.9333 | F1: 0.9327 | ROC-AUC: 1.0000

   --- Dobra de Teste: Cond_30_3 ---
       -> Treinando Random Forest...
          [Random Forest] Bal Acc: 1.0000 | F1: 1.0000 | ROC-AUC: 0.0000
       -> Treinando SVM (RBF)...
          [SVM (RBF)] Bal Acc: 1.0000 | F1: 1.0000 | ROC-AUC: 0.0000
       -> Treinando Multi-Head DL (MLP)...
      [Aviso] SMOTE falhou em Electric_Motor (poucas amostras?). Erro: Expected n_neighbors <= n_samples_fit, but n_neighbors = 6, n_samples_fit = 4, n_samples = 4
          [Multi-Head DL (MLP)] Bal Acc: 1.0000 | F1: 1.0000 | ROC-AUC: 1.0000
       -> Treinando Multi-Head DL (TABNET)...
      [Aviso] SMOTE falhou em Electric_Motor (poucas amostras?). Erro: Expected n_neighbors <= n_samples_fit, but n_neighbors = 6, n_samples_fit = 4, n_samples = 4
          [Multi-Head DL (TABNET)] Bal Acc: 1.0000 | F1: 1.0000 | ROC-AUC: 1.0000

   --- Dobra de Teste: Cond_30_4 ---
       -> Treinando Random Forest...
          [Random Forest] Bal Acc: 1.0000 | F1: 1.0000 | ROC-AUC: 0.0000
       -> Treinando SVM (RBF)...
          [SVM (RBF)] Bal Acc: 1.0000 | F1: 1.0000 | ROC-AUC: 0.0000
       -> Treinando Multi-Head DL (MLP)...
      [Aviso] SMOTE falhou em Electric_Motor (poucas amostras?). Erro: Expected n_neighbors <= n_samples_fit, but n_neighbors = 6, n_samples_fit = 4, n_samples = 4
          [Multi-Head DL (MLP)] Bal Acc: 1.0000 | F1: 1.0000 | ROC-AUC: 1.0000
       -> Treinando Multi-Head DL (TABNET)...
      [Aviso] SMOTE falhou em Electric_Motor (poucas amostras?). Erro: Expected n_neighbors <= n_samples_fit, but n_neighbors = 6, n_samples_fit = 4, n_samples = 4
          [Multi-Head DL (TABNET)] Bal Acc: 1.0000 | F1: 1.0000 | ROC-AUC: 1.0000

   --- Dobra de Teste: Cond_35_0 ---
       -> Treinando Random Forest...
          [Random Forest] Bal Acc: 1.0000 | F1: 1.0000 | ROC-AUC: 0.0000
       -> Treinando SVM (RBF)...
/home/vfrocha/.local/lib/python3.10/site-packages/sklearn/metrics/_classification.py:2524: UserWarning: y_pred contains classes not in y_true
  warnings.warn("y_pred contains classes not in y_true")
/home/vfrocha/.local/lib/python3.10/site-packages/sklearn/metrics/_classification.py:2524: UserWarning: y_pred contains classes not in y_true
  warnings.warn("y_pred contains classes not in y_true")
/home/vfrocha/.local/lib/python3.10/site-packages/sklearn/metrics/_classification.py:2524: UserWarning: y_pred contains classes not in y_true
  warnings.warn("y_pred contains classes not in y_true")
          [SVM (RBF)] Bal Acc: 0.9667 | F1: 0.9666 | ROC-AUC: 0.0000
       -> Treinando Multi-Head DL (MLP)...
      [Aviso] SMOTE falhou em Electric_Motor (poucas amostras?). Erro: Expected n_neighbors <= n_samples_fit, but n_neighbors = 6, n_samples_fit = 4, n_samples = 4
          [Multi-Head DL (MLP)] Bal Acc: 1.0000 | F1: 1.0000 | ROC-AUC: 1.0000
       -> Treinando Multi-Head DL (TABNET)...
      [Aviso] SMOTE falhou em Electric_Motor (poucas amostras?). Erro: Expected n_neighbors <= n_samples_fit, but n_neighbors = 6, n_samples_fit = 4, n_samples = 4
          [Multi-Head DL (TABNET)] Bal Acc: 0.8667 | F1: 0.8611 | ROC-AUC: 1.0000

   --- Dobra de Teste: Cond_35_1 ---
       -> Treinando Random Forest...
          [Random Forest] Bal Acc: 1.0000 | F1: 1.0000 | ROC-AUC: 0.0000
       -> Treinando SVM (RBF)...
          [SVM (RBF)] Bal Acc: 1.0000 | F1: 1.0000 | ROC-AUC: 0.0000
       -> Treinando Multi-Head DL (MLP)...
      [Aviso] SMOTE falhou em Electric_Motor (poucas amostras?). Erro: Expected n_neighbors <= n_samples_fit, but n_neighbors = 6, n_samples_fit = 4, n_samples = 4
          [Multi-Head DL (MLP)] Bal Acc: 1.0000 | F1: 1.0000 | ROC-AUC: 1.0000
       -> Treinando Multi-Head DL (TABNET)...
      [Aviso] SMOTE falhou em Electric_Motor (poucas amostras?). Erro: Expected n_neighbors <= n_samples_fit, but n_neighbors = 6, n_samples_fit = 4, n_samples = 4
          [Multi-Head DL (TABNET)] Bal Acc: 1.0000 | F1: 1.0000 | ROC-AUC: 1.0000

   --- Dobra de Teste: Cond_35_2 ---
       -> Treinando Random Forest...
          [Random Forest] Bal Acc: 1.0000 | F1: 1.0000 | ROC-AUC: 0.0000
       -> Treinando SVM (RBF)...
          [SVM (RBF)] Bal Acc: 1.0000 | F1: 1.0000 | ROC-AUC: 0.0000
       -> Treinando Multi-Head DL (MLP)...
      [Aviso] SMOTE falhou em Electric_Motor (poucas amostras?). Erro: Expected n_neighbors <= n_samples_fit, but n_neighbors = 6, n_samples_fit = 4, n_samples = 4
          [Multi-Head DL (MLP)] Bal Acc: 1.0000 | F1: 1.0000 | ROC-AUC: 1.0000
       -> Treinando Multi-Head DL (TABNET)...
      [Aviso] SMOTE falhou em Electric_Motor (poucas amostras?). Erro: Expected n_neighbors <= n_samples_fit, but n_neighbors = 6, n_samples_fit = 4, n_samples = 4
          [Multi-Head DL (TABNET)] Bal Acc: 1.0000 | F1: 1.0000 | ROC-AUC: 1.0000

   --- Dobra de Teste: Cond_35_3 ---
       -> Treinando Random Forest...
          [Random Forest] Bal Acc: 1.0000 | F1: 1.0000 | ROC-AUC: 0.0000
       -> Treinando SVM (RBF)...
          [SVM (RBF)] Bal Acc: 1.0000 | F1: 1.0000 | ROC-AUC: 0.0000
       -> Treinando Multi-Head DL (MLP)...
      [Aviso] SMOTE falhou em Electric_Motor (poucas amostras?). Erro: Expected n_neighbors <= n_samples_fit, but n_neighbors = 6, n_samples_fit = 4, n_samples = 4
          [Multi-Head DL (MLP)] Bal Acc: 0.9667 | F1: 0.9666 | ROC-AUC: 1.0000
       -> Treinando Multi-Head DL (TABNET)...
      [Aviso] SMOTE falhou em Electric_Motor (poucas amostras?). Erro: Expected n_neighbors <= n_samples_fit, but n_neighbors = 6, n_samples_fit = 4, n_samples = 4
          [Multi-Head DL (TABNET)] Bal Acc: 1.0000 | F1: 1.0000 | ROC-AUC: 1.0000

   --- Dobra de Teste: Cond_35_4 ---
       -> Treinando Random Forest...
          [Random Forest] Bal Acc: 1.0000 | F1: 1.0000 | ROC-AUC: 0.0000
       -> Treinando SVM (RBF)...
          [SVM (RBF)] Bal Acc: 0.8667 | F1: 0.6875 | ROC-AUC: 0.0000
       -> Treinando Multi-Head DL (MLP)...
      [Aviso] SMOTE falhou em Electric_Motor (poucas amostras?). Erro: Expected n_neighbors <= n_samples_fit, but n_neighbors = 6, n_samples_fit = 4, n_samples = 4
          [Multi-Head DL (MLP)] Bal Acc: 0.6667 | F1: 0.5333 | ROC-AUC: 0.8567
       -> Treinando Multi-Head DL (TABNET)...
      [Aviso] SMOTE falhou em Electric_Motor (poucas amostras?). Erro: Expected n_neighbors <= n_samples_fit, but n_neighbors = 6, n_samples_fit = 4, n_samples = 4
          [Multi-Head DL (TABNET)] Bal Acc: 0.8333 | F1: 0.8175 | ROC-AUC: 0.9667

   --- Dobra de Teste: Cond_40_0 ---
       -> Treinando Random Forest...
          [Random Forest] Bal Acc: 1.0000 | F1: 1.0000 | ROC-AUC: 0.0000
       -> Treinando SVM (RBF)...
          [SVM (RBF)] Bal Acc: 0.9333 | F1: 0.9327 | ROC-AUC: 0.0000
       -> Treinando Multi-Head DL (MLP)...
      [Aviso] SMOTE falhou em Electric_Motor (poucas amostras?). Erro: Expected n_neighbors <= n_samples_fit, but n_neighbors = 6, n_samples_fit = 4, n_samples = 4
          [Multi-Head DL (MLP)] Bal Acc: 1.0000 | F1: 1.0000 | ROC-AUC: 1.0000
       -> Treinando Multi-Head DL (TABNET)...
      [Aviso] SMOTE falhou em Electric_Motor (poucas amostras?). Erro: Expected n_neighbors <= n_samples_fit, but n_neighbors = 6, n_samples_fit = 4, n_samples = 4
          [Multi-Head DL (TABNET)] Bal Acc: 1.0000 | F1: 1.0000 | ROC-AUC: 1.0000

   --- Dobra de Teste: Cond_40_1 ---
       -> Treinando Random Forest...
          [Random Forest] Bal Acc: 1.0000 | F1: 1.0000 | ROC-AUC: 0.0000
       -> Treinando SVM (RBF)...
          [SVM (RBF)] Bal Acc: 1.0000 | F1: 1.0000 | ROC-AUC: 0.0000
       -> Treinando Multi-Head DL (MLP)...
      [Aviso] SMOTE falhou em Electric_Motor (poucas amostras?). Erro: Expected n_neighbors <= n_samples_fit, but n_neighbors = 6, n_samples_fit = 4, n_samples = 4
          [Multi-Head DL (MLP)] Bal Acc: 1.0000 | F1: 1.0000 | ROC-AUC: 1.0000
       -> Treinando Multi-Head DL (TABNET)...
      [Aviso] SMOTE falhou em Electric_Motor (poucas amostras?). Erro: Expected n_neighbors <= n_samples_fit, but n_neighbors = 6, n_samples_fit = 4, n_samples = 4
          [Multi-Head DL (TABNET)] Bal Acc: 0.9667 | F1: 0.9666 | ROC-AUC: 1.0000

   --- Dobra de Teste: Cond_40_2 ---
       -> Treinando Random Forest...
          [Random Forest] Bal Acc: 1.0000 | F1: 1.0000 | ROC-AUC: 0.0000
       -> Treinando SVM (RBF)...
          [SVM (RBF)] Bal Acc: 0.9333 | F1: 0.7222 | ROC-AUC: 0.0000
       -> Treinando Multi-Head DL (MLP)...
      [Aviso] SMOTE falhou em Electric_Motor (poucas amostras?). Erro: Expected n_neighbors <= n_samples_fit, but n_neighbors = 6, n_samples_fit = 4, n_samples = 4
          [Multi-Head DL (MLP)] Bal Acc: 0.9667 | F1: 0.9666 | ROC-AUC: 1.0000
       -> Treinando Multi-Head DL (TABNET)...
      [Aviso] SMOTE falhou em Electric_Motor (poucas amostras?). Erro: Expected n_neighbors <= n_samples_fit, but n_neighbors = 6, n_samples_fit = 4, n_samples = 4
          [Multi-Head DL (TABNET)] Bal Acc: 1.0000 | F1: 1.0000 | ROC-AUC: 1.0000

   --- Dobra de Teste: Cond_40_3 ---
       -> Treinando Random Forest...
          [Random Forest] Bal Acc: 1.0000 | F1: 1.0000 | ROC-AUC: 0.0000
       -> Treinando SVM (RBF)...
          [SVM (RBF)] Bal Acc: 1.0000 | F1: 1.0000 | ROC-AUC: 0.0000
       -> Treinando Multi-Head DL (MLP)...
      [Aviso] SMOTE falhou em Electric_Motor (poucas amostras?). Erro: Expected n_neighbors <= n_samples_fit, but n_neighbors = 6, n_samples_fit = 4, n_samples = 4
          [Multi-Head DL (MLP)] Bal Acc: 1.0000 | F1: 1.0000 | ROC-AUC: 1.0000
       -> Treinando Multi-Head DL (TABNET)...
      [Aviso] SMOTE falhou em Electric_Motor (poucas amostras?). Erro: Expected n_neighbors <= n_samples_fit, but n_neighbors = 6, n_samples_fit = 4, n_samples = 4
          [Multi-Head DL (TABNET)] Bal Acc: 1.0000 | F1: 1.0000 | ROC-AUC: 1.0000

   --- Dobra de Teste: Cond_40_4 ---
       -> Treinando Random Forest...
          [Random Forest] Bal Acc: 1.0000 | F1: 1.0000 | ROC-AUC: 0.0000
       -> Treinando SVM (RBF)...
          [SVM (RBF)] Bal Acc: 0.9333 | F1: 0.7222 | ROC-AUC: 0.0000
       -> Treinando Multi-Head DL (MLP)...
      [Aviso] SMOTE falhou em Electric_Motor (poucas amostras?). Erro: Expected n_neighbors <= n_samples_fit, but n_neighbors = 6, n_samples_fit = 4, n_samples = 4
          [Multi-Head DL (MLP)] Bal Acc: 1.0000 | F1: 1.0000 | ROC-AUC: 1.0000
       -> Treinando Multi-Head DL (TABNET)...
      [Aviso] SMOTE falhou em Electric_Motor (poucas amostras?). Erro: Expected n_neighbors <= n_samples_fit, but n_neighbors = 6, n_samples_fit = 4, n_samples = 4
          [Multi-Head DL (TABNET)] Bal Acc: 1.0000 | F1: 1.0000 | ROC-AUC: 1.0000

   --- Dobra de Teste: Cond_L0_VS_0_40_0 ---
       -> Treinando Random Forest...
/home/vfrocha/.local/lib/python3.10/site-packages/sklearn/metrics/_classification.py:2524: UserWarning: y_pred contains classes not in y_true
  warnings.warn("y_pred contains classes not in y_true")
/home/vfrocha/.local/lib/python3.10/site-packages/sklearn/metrics/_classification.py:2524: UserWarning: y_pred contains classes not in y_true
  warnings.warn("y_pred contains classes not in y_true")
/home/vfrocha/.local/lib/python3.10/site-packages/sklearn/metrics/_classification.py:2524: UserWarning: y_pred contains classes not in y_true
  warnings.warn("y_pred contains classes not in y_true")
/home/vfrocha/.local/lib/python3.10/site-packages/sklearn/metrics/_classification.py:2524: UserWarning: y_pred contains classes not in y_true
  warnings.warn("y_pred contains classes not in y_true")
/home/vfrocha/.local/lib/python3.10/site-packages/sklearn/metrics/_classification.py:2524: UserWarning: y_pred contains classes not in y_true
  warnings.warn("y_pred contains classes not in y_true")
/home/vfrocha/.local/lib/python3.10/site-packages/sklearn/metrics/_classification.py:2524: UserWarning: y_pred contains classes not in y_true
  warnings.warn("y_pred contains classes not in y_true")
/home/vfrocha/.local/lib/python3.10/site-packages/sklearn/metrics/_classification.py:2524: UserWarning: y_pred contains classes not in y_true
  warnings.warn("y_pred contains classes not in y_true")
/home/vfrocha/.local/lib/python3.10/site-packages/sklearn/metrics/_classification.py:2524: UserWarning: y_pred contains classes not in y_true
  warnings.warn("y_pred contains classes not in y_true")
/home/vfrocha/.local/lib/python3.10/site-packages/sklearn/metrics/_classification.py:2524: UserWarning: y_pred contains classes not in y_true
  warnings.warn("y_pred contains classes not in y_true")
          [Random Forest] Bal Acc: 1.0000 | F1: 1.0000 | ROC-AUC: 0.0000
       -> Treinando SVM (RBF)...
          [SVM (RBF)] Bal Acc: 0.9333 | F1: 0.7222 | ROC-AUC: 0.0000
       -> Treinando Multi-Head DL (MLP)...
      [Aviso] SMOTE falhou em Electric_Motor (poucas amostras?). Erro: Expected n_neighbors <= n_samples_fit, but n_neighbors = 6, n_samples_fit = 4, n_samples = 4
          [Multi-Head DL (MLP)] Bal Acc: 0.9333 | F1: 0.9327 | ROC-AUC: 1.0000
       -> Treinando Multi-Head DL (TABNET)...
      [Aviso] SMOTE falhou em Electric_Motor (poucas amostras?). Erro: Expected n_neighbors <= n_samples_fit, but n_neighbors = 6, n_samples_fit = 4, n_samples = 4
          [Multi-Head DL (TABNET)] Bal Acc: 0.6333 | F1: 0.5649 | ROC-AUC: 0.9617

   --- Dobra de Teste: Cond_L1_VS_0_40_0 ---
       -> Treinando Random Forest...
          [Random Forest] Bal Acc: 1.0000 | F1: 1.0000 | ROC-AUC: 0.0000
       -> Treinando SVM (RBF)...
          [SVM (RBF)] Bal Acc: 0.8333 | F1: 0.5333 | ROC-AUC: 0.0000
       -> Treinando Multi-Head DL (MLP)...
      [Aviso] SMOTE falhou em Electric_Motor (poucas amostras?). Erro: Expected n_neighbors <= n_samples_fit, but n_neighbors = 6, n_samples_fit = 4, n_samples = 4
          [Multi-Head DL (MLP)] Bal Acc: 1.0000 | F1: 1.0000 | ROC-AUC: 1.0000
       -> Treinando Multi-Head DL (TABNET)...
      [Aviso] SMOTE falhou em Electric_Motor (poucas amostras?). Erro: Expected n_neighbors <= n_samples_fit, but n_neighbors = 6, n_samples_fit = 4, n_samples = 4
          [Multi-Head DL (TABNET)] Bal Acc: 1.0000 | F1: 1.0000 | ROC-AUC: 1.0000

   --- Dobra de Teste: Cond_L2_VS_0_40_0 ---
       -> Treinando Random Forest...
          [Random Forest] Bal Acc: 1.0000 | F1: 1.0000 | ROC-AUC: 0.0000
       -> Treinando SVM (RBF)...
          [SVM (RBF)] Bal Acc: 1.0000 | F1: 1.0000 | ROC-AUC: 0.0000
       -> Treinando Multi-Head DL (MLP)...
      [Aviso] SMOTE falhou em Electric_Motor (poucas amostras?). Erro: Expected n_neighbors <= n_samples_fit, but n_neighbors = 6, n_samples_fit = 4, n_samples = 4
          [Multi-Head DL (MLP)] Bal Acc: 0.9667 | F1: 0.9666 | ROC-AUC: 1.0000
       -> Treinando Multi-Head DL (TABNET)...
      [Aviso] SMOTE falhou em Electric_Motor (poucas amostras?). Erro: Expected n_neighbors <= n_samples_fit, but n_neighbors = 6, n_samples_fit = 4, n_samples = 4
          [Multi-Head DL (TABNET)] Bal Acc: 0.8333 | F1: 0.8222 | ROC-AUC: 1.0000

   --- Dobra de Teste: Cond_L3_VS_0_40_0 ---
       -> Treinando Random Forest...
          [Random Forest] Bal Acc: 1.0000 | F1: 1.0000 | ROC-AUC: 0.0000
       -> Treinando SVM (RBF)...
          [SVM (RBF)] Bal Acc: 0.9667 | F1: 0.9666 | ROC-AUC: 0.0000
       -> Treinando Multi-Head DL (MLP)...
      [Aviso] SMOTE falhou em Electric_Motor (poucas amostras?). Erro: Expected n_neighbors <= n_samples_fit, but n_neighbors = 6, n_samples_fit = 4, n_samples = 4
          [Multi-Head DL (MLP)] Bal Acc: 0.9667 | F1: 0.9666 | ROC-AUC: 0.9967
       -> Treinando Multi-Head DL (TABNET)...
      [Aviso] SMOTE falhou em Electric_Motor (poucas amostras?). Erro: Expected n_neighbors <= n_samples_fit, but n_neighbors = 6, n_samples_fit = 4, n_samples = 4
          [Multi-Head DL (TABNET)] Bal Acc: 1.0000 | F1: 1.0000 | ROC-AUC: 1.0000

   --- Dobra de Teste: Cond_L4_VS_0_40_0 ---
       -> Treinando Random Forest...
          [Random Forest] Bal Acc: 1.0000 | F1: 1.0000 | ROC-AUC: 0.0000
       -> Treinando SVM (RBF)...
          [SVM (RBF)] Bal Acc: 0.9333 | F1: 0.7103 | ROC-AUC: 0.0000
       -> Treinando Multi-Head DL (MLP)...
      [Aviso] SMOTE falhou em Electric_Motor (poucas amostras?). Erro: Expected n_neighbors <= n_samples_fit, but n_neighbors = 6, n_samples_fit = 4, n_samples = 4
          [Multi-Head DL (MLP)] Bal Acc: 0.6667 | F1: 0.5556 | ROC-AUC: 1.0000
       -> Treinando Multi-Head DL (TABNET)...
      [Aviso] SMOTE falhou em Electric_Motor (poucas amostras?). Erro: Expected n_neighbors <= n_samples_fit, but n_neighbors = 6, n_samples_fit = 4, n_samples = 4
          [Multi-Head DL (TABNET)] Bal Acc: 0.8667 | F1: 0.8611 | ROC-AUC: 1.0000

########################################
 ALVO: CWRU_48k
########################################

   --- Dobra de Teste: Load_0HP_Sev_0.007 ---
       -> Treinando Random Forest...
          [Random Forest] Bal Acc: 0.4000 | F1: 0.1746 | ROC-AUC: 0.0000
       -> Treinando SVM (RBF)...
          [SVM (RBF)] Bal Acc: 0.5000 | F1: 0.2739 | ROC-AUC: 0.0000
       -> Treinando Multi-Head DL (MLP)...
      [Aviso] SMOTE falhou em Electric_Motor (poucas amostras?). Erro: Expected n_neighbors <= n_samples_fit, but n_neighbors = 6, n_samples_fit = 4, n_samples = 4
          [Multi-Head DL (MLP)] Bal Acc: 0.4333 | F1: 0.3339 | ROC-AUC: 0.7667
       -> Treinando Multi-Head DL (TABNET)...
      [Aviso] SMOTE falhou em Electric_Motor (poucas amostras?). Erro: Expected n_neighbors <= n_samples_fit, but n_neighbors = 6, n_samples_fit = 4, n_samples = 4
          [Multi-Head DL (TABNET)] Bal Acc: 0.6667 | F1: 0.6501 | ROC-AUC: 0.8400

   --- Dobra de Teste: Load_0HP_Sev_0.014 ---
       -> Treinando Random Forest...
          [Random Forest] Bal Acc: 0.8500 | F1: 0.8465 | ROC-AUC: 0.0000
       -> Treinando SVM (RBF)...
          [SVM (RBF)] Bal Acc: 0.4000 | F1: 0.2051 | ROC-AUC: 0.0000
       -> Treinando Multi-Head DL (MLP)...
      [Aviso] SMOTE falhou em Electric_Motor (poucas amostras?). Erro: Expected n_neighbors <= n_samples_fit, but n_neighbors = 6, n_samples_fit = 4, n_samples = 4
          [Multi-Head DL (MLP)] Bal Acc: 0.4000 | F1: 0.3333 | ROC-AUC: 0.0000
       -> Treinando Multi-Head DL (TABNET)...
      [Aviso] SMOTE falhou em Electric_Motor (poucas amostras?). Erro: Expected n_neighbors <= n_samples_fit, but n_neighbors = 6, n_samples_fit = 4, n_samples = 4
          [Multi-Head DL (TABNET)] Bal Acc: 0.3000 | F1: 0.2500 | ROC-AUC: 0.0000

   --- Dobra de Teste: Load_0HP_Sev_0.021 ---
       -> Treinando Random Forest...
          [Random Forest] Bal Acc: 0.9167 | F1: 0.9365 | ROC-AUC: 0.0000
       -> Treinando SVM (RBF)...
          [SVM (RBF)] Bal Acc: 0.6667 | F1: 0.3905 | ROC-AUC: 0.0000
       -> Treinando Multi-Head DL (MLP)...
      [Aviso] SMOTE falhou em Electric_Motor (poucas amostras?). Erro: Expected n_neighbors <= n_samples_fit, but n_neighbors = 6, n_samples_fit = 4, n_samples = 4
          [Multi-Head DL (MLP)] Bal Acc: 0.7500 | F1: 0.7978 | ROC-AUC: 0.9167
       -> Treinando Multi-Head DL (TABNET)...
      [Aviso] SMOTE falhou em Electric_Motor (poucas amostras?). Erro: Expected n_neighbors <= n_samples_fit, but n_neighbors = 6, n_samples_fit = 4, n_samples = 4
          [Multi-Head DL (TABNET)] Bal Acc: 0.7167 | F1: 0.6540 | ROC-AUC: 0.8488

   --- Dobra de Teste: Load_1HP_Sev_0.007 ---
       -> Treinando Random Forest...
          [Random Forest] Bal Acc: 0.9833 | F1: 0.9833 | ROC-AUC: 0.0000
       -> Treinando SVM (RBF)...
          [SVM (RBF)] Bal Acc: 0.8167 | F1: 0.8017 | ROC-AUC: 0.0000
       -> Treinando Multi-Head DL (MLP)...
      [Aviso] SMOTE falhou em Electric_Motor (poucas amostras?). Erro: Expected n_neighbors <= n_samples_fit, but n_neighbors = 6, n_samples_fit = 4, n_samples = 4
          [Multi-Head DL (MLP)] Bal Acc: 0.6667 | F1: 0.5556 | ROC-AUC: 0.9754
       -> Treinando Multi-Head DL (TABNET)...
      [Aviso] SMOTE falhou em Electric_Motor (poucas amostras?). Erro: Expected n_neighbors <= n_samples_fit, but n_neighbors = 6, n_samples_fit = 4, n_samples = 4
          [Multi-Head DL (TABNET)] Bal Acc: 0.5167 | F1: 0.4159 | ROC-AUC: 0.7546

   --- Dobra de Teste: Load_1HP_Sev_0.014 ---
       -> Treinando Random Forest...
          [Random Forest] Bal Acc: 0.9500 | F1: 0.9497 | ROC-AUC: 0.0000
       -> Treinando SVM (RBF)...
          [SVM (RBF)] Bal Acc: 0.7214 | F1: 0.7212 | ROC-AUC: 0.0000
       -> Treinando Multi-Head DL (MLP)...
      [Aviso] SMOTE falhou em Electric_Motor (poucas amostras?). Erro: Expected n_neighbors <= n_samples_fit, but n_neighbors = 6, n_samples_fit = 4, n_samples = 4
          [Multi-Head DL (MLP)] Bal Acc: 0.3333 | F1: 0.2840 | ROC-AUC: 0.6547
       -> Treinando Multi-Head DL (TABNET)...
/home/vfrocha/.local/lib/python3.10/site-packages/sklearn/metrics/_classification.py:2524: UserWarning: y_pred contains classes not in y_true
  warnings.warn("y_pred contains classes not in y_true")
/home/vfrocha/.local/lib/python3.10/site-packages/sklearn/metrics/_classification.py:2524: UserWarning: y_pred contains classes not in y_true
  warnings.warn("y_pred contains classes not in y_true")
/home/vfrocha/.local/lib/python3.10/site-packages/sklearn/metrics/_classification.py:2524: UserWarning: y_pred contains classes not in y_true
  warnings.warn("y_pred contains classes not in y_true")
/home/vfrocha/.local/lib/python3.10/site-packages/sklearn/metrics/_classification.py:2524: UserWarning: y_pred contains classes not in y_true
  warnings.warn("y_pred contains classes not in y_true")
/home/vfrocha/.local/lib/python3.10/site-packages/sklearn/metrics/_classification.py:2524: UserWarning: y_pred contains classes not in y_true
  warnings.warn("y_pred contains classes not in y_true")
/home/vfrocha/.local/lib/python3.10/site-packages/sklearn/metrics/_classification.py:2524: UserWarning: y_pred contains classes not in y_true
  warnings.warn("y_pred contains classes not in y_true")
      [Aviso] SMOTE falhou em Electric_Motor (poucas amostras?). Erro: Expected n_neighbors <= n_samples_fit, but n_neighbors = 6, n_samples_fit = 4, n_samples = 4
          [Multi-Head DL (TABNET)] Bal Acc: 0.6500 | F1: 0.6508 | ROC-AUC: 0.8117

   --- Dobra de Teste: Load_1HP_Sev_0.021 ---
       -> Treinando Random Forest...
          [Random Forest] Bal Acc: 1.0000 | F1: 1.0000 | ROC-AUC: 0.0000
       -> Treinando SVM (RBF)...
          [SVM (RBF)] Bal Acc: 1.0000 | F1: 1.0000 | ROC-AUC: 0.0000
       -> Treinando Multi-Head DL (MLP)...
      [Aviso] SMOTE falhou em Electric_Motor (poucas amostras?). Erro: Expected n_neighbors <= n_samples_fit, but n_neighbors = 6, n_samples_fit = 4, n_samples = 4
          [Multi-Head DL (MLP)] Bal Acc: 0.9667 | F1: 0.9666 | ROC-AUC: 1.0000
       -> Treinando Multi-Head DL (TABNET)...
      [Aviso] SMOTE falhou em Electric_Motor (poucas amostras?). Erro: Expected n_neighbors <= n_samples_fit, but n_neighbors = 6, n_samples_fit = 4, n_samples = 4
          [Multi-Head DL (TABNET)] Bal Acc: 0.9833 | F1: 0.9833 | ROC-AUC: 1.0000

   --- Dobra de Teste: Load_2HP_Sev_0.007 ---
       -> Treinando Random Forest...
          [Random Forest] Bal Acc: 1.0000 | F1: 1.0000 | ROC-AUC: 0.0000
       -> Treinando SVM (RBF)...
          [SVM (RBF)] Bal Acc: 0.7833 | F1: 0.7734 | ROC-AUC: 0.0000
       -> Treinando Multi-Head DL (MLP)...
      [Aviso] SMOTE falhou em Electric_Motor (poucas amostras?). Erro: Expected n_neighbors <= n_samples_fit, but n_neighbors = 6, n_samples_fit = 4, n_samples = 4
          [Multi-Head DL (MLP)] Bal Acc: 0.8333 | F1: 0.8222 | ROC-AUC: 0.7500
       -> Treinando Multi-Head DL (TABNET)...
      [Aviso] SMOTE falhou em Electric_Motor (poucas amostras?). Erro: Expected n_neighbors <= n_samples_fit, but n_neighbors = 6, n_samples_fit = 4, n_samples = 4
          [Multi-Head DL (TABNET)] Bal Acc: 0.6667 | F1: 0.6556 | ROC-AUC: 0.9188

   --- Dobra de Teste: Load_2HP_Sev_0.014 ---
       -> Treinando Random Forest...
          [Random Forest] Bal Acc: 0.9500 | F1: 0.9496 | ROC-AUC: 0.0000
       -> Treinando SVM (RBF)...
          [SVM (RBF)] Bal Acc: 0.6167 | F1: 0.3860 | ROC-AUC: 0.0000
       -> Treinando Multi-Head DL (MLP)...
      [Aviso] SMOTE falhou em Electric_Motor (poucas amostras?). Erro: Expected n_neighbors <= n_samples_fit, but n_neighbors = 6, n_samples_fit = 4, n_samples = 4
          [Multi-Head DL (MLP)] Bal Acc: 0.4667 | F1: 0.3945 | ROC-AUC: 0.6875
       -> Treinando Multi-Head DL (TABNET)...
      [Aviso] SMOTE falhou em Electric_Motor (poucas amostras?). Erro: Expected n_neighbors <= n_samples_fit, but n_neighbors = 6, n_samples_fit = 4, n_samples = 4
          [Multi-Head DL (TABNET)] Bal Acc: 0.8500 | F1: 0.8412 | ROC-AUC: 0.9583

   --- Dobra de Teste: Load_2HP_Sev_0.021 ---
       -> Treinando Random Forest...
          [Random Forest] Bal Acc: 1.0000 | F1: 1.0000 | ROC-AUC: 0.0000
       -> Treinando SVM (RBF)...
          [SVM (RBF)] Bal Acc: 0.9667 | F1: 0.7372 | ROC-AUC: 0.0000
       -> Treinando Multi-Head DL (MLP)...
      [Aviso] SMOTE falhou em Electric_Motor (poucas amostras?). Erro: Expected n_neighbors <= n_samples_fit, but n_neighbors = 6, n_samples_fit = 4, n_samples = 4
          [Multi-Head DL (MLP)] Bal Acc: 0.9333 | F1: 0.9327 | ROC-AUC: 0.9825
       -> Treinando Multi-Head DL (TABNET)...
      [Aviso] SMOTE falhou em Electric_Motor (poucas amostras?). Erro: Expected n_neighbors <= n_samples_fit, but n_neighbors = 6, n_samples_fit = 4, n_samples = 4
          [Multi-Head DL (TABNET)] Bal Acc: 0.7000 | F1: 0.6085 | ROC-AUC: 0.9821

   --- Dobra de Teste: Load_3HP_Sev_0.007 ---
       -> Treinando Random Forest...
          [Random Forest] Bal Acc: 1.0000 | F1: 1.0000 | ROC-AUC: 0.0000
       -> Treinando SVM (RBF)...
          [SVM (RBF)] Bal Acc: 0.7500 | F1: 0.3813 | ROC-AUC: 0.0000
       -> Treinando Multi-Head DL (MLP)...
      [Aviso] SMOTE falhou em Electric_Motor (poucas amostras?). Erro: Expected n_neighbors <= n_samples_fit, but n_neighbors = 6, n_samples_fit = 4, n_samples = 4
          [Multi-Head DL (MLP)] Bal Acc: 0.6500 | F1: 0.6350 | ROC-AUC: 0.8583
       -> Treinando Multi-Head DL (TABNET)...
      [Aviso] SMOTE falhou em Electric_Motor (poucas amostras?). Erro: Expected n_neighbors <= n_samples_fit, but n_neighbors = 6, n_samples_fit = 4, n_samples = 4
          [Multi-Head DL (TABNET)] Bal Acc: 0.7500 | F1: 0.7348 | ROC-AUC: 0.8954

   --- Dobra de Teste: Load_3HP_Sev_0.014 ---
       -> Treinando Random Forest...
          [Random Forest] Bal Acc: 0.8000 | F1: 0.5996 | ROC-AUC: 0.0000
       -> Treinando SVM (RBF)...
          [SVM (RBF)] Bal Acc: 0.7833 | F1: 0.4771 | ROC-AUC: 0.0000
       -> Treinando Multi-Head DL (MLP)...
      [Aviso] SMOTE falhou em Electric_Motor (poucas amostras?). Erro: Expected n_neighbors <= n_samples_fit, but n_neighbors = 6, n_samples_fit = 4, n_samples = 4
          [Multi-Head DL (MLP)] Bal Acc: 0.6167 | F1: 0.5952 | ROC-AUC: 0.8767
       -> Treinando Multi-Head DL (TABNET)...
      [Aviso] SMOTE falhou em Electric_Motor (poucas amostras?). Erro: Expected n_neighbors <= n_samples_fit, but n_neighbors = 6, n_samples_fit = 4, n_samples = 4
          [Multi-Head DL (TABNET)] Bal Acc: 0.7667 | F1: 0.7469 | ROC-AUC: 0.9283

   --- Dobra de Teste: Load_3HP_Sev_0.021 ---
       -> Treinando Random Forest...
          [Random Forest] Bal Acc: 1.0000 | F1: 1.0000 | ROC-AUC: 0.0000
       -> Treinando SVM (RBF)...
          [SVM (RBF)] Bal Acc: 0.9167 | F1: 0.7098 | ROC-AUC: 0.0000
       -> Treinando Multi-Head DL (MLP)...
      [Aviso] SMOTE falhou em Electric_Motor (poucas amostras?). Erro: Expected n_neighbors <= n_samples_fit, but n_neighbors = 6, n_samples_fit = 4, n_samples = 4
          [Multi-Head DL (MLP)] Bal Acc: 0.3833 | F1: 0.3538 | ROC-AUC: 0.7771
       -> Treinando Multi-Head DL (TABNET)...
      [Aviso] SMOTE falhou em Electric_Motor (poucas amostras?). Erro: Expected n_neighbors <= n_samples_fit, but n_neighbors = 6, n_samples_fit = 4, n_samples = 4
          [Multi-Head DL (TABNET)] Bal Acc: 0.5000 | F1: 0.3905 | ROC-AUC: 0.9267

[SUCESSO] Relatório Final Exportado: /home/vfrocha/VibNet-1D/results/tl_isolated_full_results_20260901_083517.csv
